[Catalog] loading cached ID catalog...
 ID forms = 36137
[Catalog] loading cached OOD catalog...
 OOD forms = 66583

[Theta] computing safe global bound B ...
 B_id=28, B_ood=25 -> using B=28 (grid=57x57)
[theta] loading cached fast_cache_theta/id_theta_MAXP600.npy
[theta] loading cached fast_cache_theta/ood_theta_MAXP600.npy

##############################################################################################################
[SEED RUN] seed=42
##############################################################################################################

[1/5] form-disjoint split (ID)...
[form split] success try=1: ge2 groups train=4301, test=2426

[2/5] sampling Complex pairs...
 train pairs: same=10000, diff=10000
 ID-test pairs: same=5000, diff=5000
 OOD pairs: same=5000, diff=5000

[3/5] fitting z-score from TRAIN only...

[4/5] baselines (P × norm) ...

====================================================================================================
[seed=42] P=10
====================================================================================================
----------------------------------------------------------------------------------------------------
[norm=raw] building pair arrays ...
----------------------------------------------------------------------------------------------------
[norm=log1p] building pair arrays ...
----------------------------------------------------------------------------------------------------
[norm=zscore] building pair arrays ...

====================================================================================================
[seed=42] P=20
====================================================================================================
----------------------------------------------------------------------------------------------------
[norm=raw] building pair arrays ...
----------------------------------------------------------------------------------------------------
[norm=log1p] building pair arrays ...
----------------------------------------------------------------------------------------------------
[norm=zscore] building pair arrays ...

====================================================================================================
[seed=42] P=30
====================================================================================================
----------------------------------------------------------------------------------------------------
[norm=raw] building pair arrays ...
----------------------------------------------------------------------------------------------------
[norm=log1p] building pair arrays ...
----------------------------------------------------------------------------------------------------
[norm=zscore] building pair arrays ...

====================================================================================================
[seed=42] P=40
====================================================================================================
----------------------------------------------------------------------------------------------------
[norm=raw] building pair arrays ...
----------------------------------------------------------------------------------------------------
[norm=log1p] building pair arrays ...
----------------------------------------------------------------------------------------------------
[norm=zscore] building pair arrays ...

====================================================================================================
[seed=42] P=50
====================================================================================================
----------------------------------------------------------------------------------------------------
[norm=raw] building pair arrays ...
----------------------------------------------------------------------------------------------------
[norm=log1p] building pair arrays ...
----------------------------------------------------------------------------------------------------
[norm=zscore] building pair arrays ...

====================================================================================================
[seed=42] P=60
====================================================================================================
----------------------------------------------------------------------------------------------------
[norm=raw] building pair arrays ...
----------------------------------------------------------------------------------------------------
[norm=log1p] building pair arrays ...
----------------------------------------------------------------------------------------------------
[norm=zscore] building pair arrays ...

====================================================================================================
[seed=42] P=70
====================================================================================================
----------------------------------------------------------------------------------------------------
[norm=raw] building pair arrays ...
----------------------------------------------------------------------------------------------------
[norm=log1p] building pair arrays ...
----------------------------------------------------------------------------------------------------
[norm=zscore] building pair arrays ...

====================================================================================================
[seed=42] P=80
====================================================================================================
----------------------------------------------------------------------------------------------------
[norm=raw] building pair arrays ...
----------------------------------------------------------------------------------------------------
[norm=log1p] building pair arrays ...
----------------------------------------------------------------------------------------------------
[norm=zscore] building pair arrays ...

====================================================================================================
[seed=42] P=90
====================================================================================================
----------------------------------------------------------------------------------------------------
[norm=raw] building pair arrays ...
----------------------------------------------------------------------------------------------------
[norm=log1p] building pair arrays ...
----------------------------------------------------------------------------------------------------
[norm=zscore] building pair arrays ...

====================================================================================================
[seed=42] P=100
====================================================================================================
----------------------------------------------------------------------------------------------------
[norm=raw] building pair arrays ...
----------------------------------------------------------------------------------------------------
[norm=log1p] building pair arrays ...
----------------------------------------------------------------------------------------------------
[norm=zscore] building pair arrays ...

====================================================================================================
[seed=42] P=110
====================================================================================================
----------------------------------------------------------------------------------------------------
[norm=raw] building pair arrays ...
----------------------------------------------------------------------------------------------------
[norm=log1p] building pair arrays ...
----------------------------------------------------------------------------------------------------
[norm=zscore] building pair arrays ...

====================================================================================================
[seed=42] P=120
====================================================================================================
----------------------------------------------------------------------------------------------------
[norm=raw] building pair arrays ...
----------------------------------------------------------------------------------------------------
[norm=log1p] building pair arrays ...
----------------------------------------------------------------------------------------------------
[norm=zscore] building pair arrays ...

====================================================================================================
[seed=42] P=130
====================================================================================================
----------------------------------------------------------------------------------------------------
[norm=raw] building pair arrays ...
----------------------------------------------------------------------------------------------------
[norm=log1p] building pair arrays ...
----------------------------------------------------------------------------------------------------
[norm=zscore] building pair arrays ...

====================================================================================================
[seed=42] P=140
====================================================================================================
----------------------------------------------------------------------------------------------------
[norm=raw] building pair arrays ...
----------------------------------------------------------------------------------------------------
[norm=log1p] building pair arrays ...
----------------------------------------------------------------------------------------------------
[norm=zscore] building pair arrays ...

====================================================================================================
[seed=42] P=150
====================================================================================================
----------------------------------------------------------------------------------------------------
[norm=raw] building pair arrays ...
----------------------------------------------------------------------------------------------------
[norm=log1p] building pair arrays ...
----------------------------------------------------------------------------------------------------
[norm=zscore] building pair arrays ...

====================================================================================================
[seed=42] P=200
====================================================================================================
----------------------------------------------------------------------------------------------------
[norm=raw] building pair arrays ...
----------------------------------------------------------------------------------------------------
[norm=log1p] building pair arrays ...
----------------------------------------------------------------------------------------------------
[norm=zscore] building pair arrays ...

====================================================================================================
[seed=42] P=300
====================================================================================================
----------------------------------------------------------------------------------------------------
[norm=raw] building pair arrays ...
----------------------------------------------------------------------------------------------------
[norm=log1p] building pair arrays ...
----------------------------------------------------------------------------------------------------
[norm=zscore] building pair arrays ...

====================================================================================================
[seed=42] P=400
====================================================================================================
----------------------------------------------------------------------------------------------------
[norm=raw] building pair arrays ...
----------------------------------------------------------------------------------------------------
[norm=log1p] building pair arrays ...
----------------------------------------------------------------------------------------------------
[norm=zscore] building pair arrays ...

====================================================================================================
[seed=42] P=500
====================================================================================================
----------------------------------------------------------------------------------------------------
[norm=raw] building pair arrays ...
----------------------------------------------------------------------------------------------------
[norm=log1p] building pair arrays ...
----------------------------------------------------------------------------------------------------
[norm=zscore] building pair arrays ...

====================================================================================================
[seed=42] P=600
====================================================================================================
----------------------------------------------------------------------------------------------------
[norm=raw] building pair arrays ...
----------------------------------------------------------------------------------------------------
[norm=log1p] building pair arrays ...
----------------------------------------------------------------------------------------------------
[norm=zscore] building pair arrays ...

[5/5] seed done.

##############################################################################################################
[SEED RUN] seed=43
##############################################################################################################

[1/5] form-disjoint split (ID)...
[form split] success try=1: ge2 groups train=4319, test=2394

[2/5] sampling Complex pairs...
 train pairs: same=10000, diff=10000
 ID-test pairs: same=5000, diff=5000
 OOD pairs: same=5000, diff=5000

[3/5] fitting z-score from TRAIN only...

[4/5] baselines (P × norm) ...

====================================================================================================
[seed=43] P=10
====================================================================================================
----------------------------------------------------------------------------------------------------
[norm=raw] building pair arrays ...
----------------------------------------------------------------------------------------------------
[norm=log1p] building pair arrays ...
----------------------------------------------------------------------------------------------------
[norm=zscore] building pair arrays ...

====================================================================================================
[seed=43] P=20
====================================================================================================
----------------------------------------------------------------------------------------------------
[norm=raw] building pair arrays ...
----------------------------------------------------------------------------------------------------
[norm=log1p] building pair arrays ...
----------------------------------------------------------------------------------------------------
[norm=zscore] building pair arrays ...

====================================================================================================
[seed=43] P=30
====================================================================================================
----------------------------------------------------------------------------------------------------
[norm=raw] building pair arrays ...
----------------------------------------------------------------------------------------------------
[norm=log1p] building pair arrays ...
----------------------------------------------------------------------------------------------------
[norm=zscore] building pair arrays ...

====================================================================================================
[seed=43] P=40
====================================================================================================
----------------------------------------------------------------------------------------------------
[norm=raw] building pair arrays ...
----------------------------------------------------------------------------------------------------
[norm=log1p] building pair arrays ...
----------------------------------------------------------------------------------------------------
[norm=zscore] building pair arrays ...

====================================================================================================
[seed=43] P=50
====================================================================================================
----------------------------------------------------------------------------------------------------
[norm=raw] building pair arrays ...
----------------------------------------------------------------------------------------------------
[norm=log1p] building pair arrays ...
----------------------------------------------------------------------------------------------------
[norm=zscore] building pair arrays ...

====================================================================================================
[seed=43] P=60
====================================================================================================
----------------------------------------------------------------------------------------------------
[norm=raw] building pair arrays ...
----------------------------------------------------------------------------------------------------
[norm=log1p] building pair arrays ...
----------------------------------------------------------------------------------------------------
[norm=zscore] building pair arrays ...

====================================================================================================
[seed=43] P=70
====================================================================================================
----------------------------------------------------------------------------------------------------
[norm=raw] building pair arrays ...
----------------------------------------------------------------------------------------------------
[norm=log1p] building pair arrays ...
----------------------------------------------------------------------------------------------------
[norm=zscore] building pair arrays ...

====================================================================================================
[seed=43] P=80
====================================================================================================
----------------------------------------------------------------------------------------------------
[norm=raw] building pair arrays ...
----------------------------------------------------------------------------------------------------
[norm=log1p] building pair arrays ...
----------------------------------------------------------------------------------------------------
[norm=zscore] building pair arrays ...

====================================================================================================
[seed=43] P=90
====================================================================================================
----------------------------------------------------------------------------------------------------
[norm=raw] building pair arrays ...
----------------------------------------------------------------------------------------------------
[norm=log1p] building pair arrays ...
----------------------------------------------------------------------------------------------------
[norm=zscore] building pair arrays ...

====================================================================================================
[seed=43] P=100
====================================================================================================
----------------------------------------------------------------------------------------------------
[norm=raw] building pair arrays ...
----------------------------------------------------------------------------------------------------
[norm=log1p] building pair arrays ...
----------------------------------------------------------------------------------------------------
[norm=zscore] building pair arrays ...

====================================================================================================
[seed=43] P=110
====================================================================================================
----------------------------------------------------------------------------------------------------
[norm=raw] building pair arrays ...
----------------------------------------------------------------------------------------------------
[norm=log1p] building pair arrays ...
----------------------------------------------------------------------------------------------------
[norm=zscore] building pair arrays ...

====================================================================================================
[seed=43] P=120
====================================================================================================
----------------------------------------------------------------------------------------------------
[norm=raw] building pair arrays ...
----------------------------------------------------------------------------------------------------
[norm=log1p] building pair arrays ...
----------------------------------------------------------------------------------------------------
[norm=zscore] building pair arrays ...

====================================================================================================
[seed=43] P=130
====================================================================================================
----------------------------------------------------------------------------------------------------
[norm=raw] building pair arrays ...
----------------------------------------------------------------------------------------------------
[norm=log1p] building pair arrays ...
----------------------------------------------------------------------------------------------------
[norm=zscore] building pair arrays ...

====================================================================================================
[seed=43] P=140
====================================================================================================
----------------------------------------------------------------------------------------------------
[norm=raw] building pair arrays ...
----------------------------------------------------------------------------------------------------
[norm=log1p] building pair arrays ...
----------------------------------------------------------------------------------------------------
[norm=zscore] building pair arrays ...

====================================================================================================
[seed=43] P=150
====================================================================================================
----------------------------------------------------------------------------------------------------
[norm=raw] building pair arrays ...
----------------------------------------------------------------------------------------------------
[norm=log1p] building pair arrays ...
----------------------------------------------------------------------------------------------------
[norm=zscore] building pair arrays ...

====================================================================================================
[seed=43] P=200
====================================================================================================
----------------------------------------------------------------------------------------------------
[norm=raw] building pair arrays ...
----------------------------------------------------------------------------------------------------
[norm=log1p] building pair arrays ...
----------------------------------------------------------------------------------------------------
[norm=zscore] building pair arrays ...

====================================================================================================
[seed=43] P=300
====================================================================================================
----------------------------------------------------------------------------------------------------
[norm=raw] building pair arrays ...
----------------------------------------------------------------------------------------------------
[norm=log1p] building pair arrays ...
----------------------------------------------------------------------------------------------------
[norm=zscore] building pair arrays ...

====================================================================================================
[seed=43] P=400
====================================================================================================
----------------------------------------------------------------------------------------------------
[norm=raw] building pair arrays ...
----------------------------------------------------------------------------------------------------
[norm=log1p] building pair arrays ...
----------------------------------------------------------------------------------------------------
[norm=zscore] building pair arrays ...

====================================================================================================
[seed=43] P=500
====================================================================================================
----------------------------------------------------------------------------------------------------
[norm=raw] building pair arrays ...
----------------------------------------------------------------------------------------------------
[norm=log1p] building pair arrays ...
----------------------------------------------------------------------------------------------------
[norm=zscore] building pair arrays ...

====================================================================================================
[seed=43] P=600
====================================================================================================
----------------------------------------------------------------------------------------------------
[norm=raw] building pair arrays ...
----------------------------------------------------------------------------------------------------
[norm=log1p] building pair arrays ...
----------------------------------------------------------------------------------------------------
[norm=zscore] building pair arrays ...

[5/5] seed done.

##############################################################################################################
[SEED RUN] seed=44
##############################################################################################################

[1/5] form-disjoint split (ID)...
[form split] success try=1: ge2 groups train=4323, test=2465

[2/5] sampling Complex pairs...
 train pairs: same=10000, diff=10000
 ID-test pairs: same=5000, diff=5000
 OOD pairs: same=5000, diff=5000

[3/5] fitting z-score from TRAIN only...

[4/5] baselines (P × norm) ...

====================================================================================================
[seed=44] P=10
====================================================================================================
----------------------------------------------------------------------------------------------------
[norm=raw] building pair arrays ...
----------------------------------------------------------------------------------------------------
[norm=log1p] building pair arrays ...
----------------------------------------------------------------------------------------------------
[norm=zscore] building pair arrays ...

====================================================================================================
[seed=44] P=20
====================================================================================================
----------------------------------------------------------------------------------------------------
[norm=raw] building pair arrays ...
----------------------------------------------------------------------------------------------------
[norm=log1p] building pair arrays ...
----------------------------------------------------------------------------------------------------
[norm=zscore] building pair arrays ...

====================================================================================================
[seed=44] P=30
====================================================================================================
----------------------------------------------------------------------------------------------------
[norm=raw] building pair arrays ...
----------------------------------------------------------------------------------------------------
[norm=log1p] building pair arrays ...
----------------------------------------------------------------------------------------------------
[norm=zscore] building pair arrays ...

====================================================================================================
[seed=44] P=40
====================================================================================================
----------------------------------------------------------------------------------------------------
[norm=raw] building pair arrays ...
----------------------------------------------------------------------------------------------------
[norm=log1p] building pair arrays ...
----------------------------------------------------------------------------------------------------
[norm=zscore] building pair arrays ...

====================================================================================================
[seed=44] P=50
====================================================================================================
----------------------------------------------------------------------------------------------------
[norm=raw] building pair arrays ...
----------------------------------------------------------------------------------------------------
[norm=log1p] building pair arrays ...
----------------------------------------------------------------------------------------------------
[norm=zscore] building pair arrays ...

====================================================================================================
[seed=44] P=60
====================================================================================================
----------------------------------------------------------------------------------------------------
[norm=raw] building pair arrays ...
----------------------------------------------------------------------------------------------------
[norm=log1p] building pair arrays ...
----------------------------------------------------------------------------------------------------
[norm=zscore] building pair arrays ...

====================================================================================================
[seed=44] P=70
====================================================================================================
----------------------------------------------------------------------------------------------------
[norm=raw] building pair arrays ...
----------------------------------------------------------------------------------------------------
[norm=log1p] building pair arrays ...
----------------------------------------------------------------------------------------------------
[norm=zscore] building pair arrays ...

====================================================================================================
[seed=44] P=80
====================================================================================================
----------------------------------------------------------------------------------------------------
[norm=raw] building pair arrays ...
----------------------------------------------------------------------------------------------------
[norm=log1p] building pair arrays ...
----------------------------------------------------------------------------------------------------
[norm=zscore] building pair arrays ...

====================================================================================================
[seed=44] P=90
====================================================================================================
----------------------------------------------------------------------------------------------------
[norm=raw] building pair arrays ...
----------------------------------------------------------------------------------------------------
[norm=log1p] building pair arrays ...
----------------------------------------------------------------------------------------------------
[norm=zscore] building pair arrays ...

====================================================================================================
[seed=44] P=100
====================================================================================================
----------------------------------------------------------------------------------------------------
[norm=raw] building pair arrays ...
----------------------------------------------------------------------------------------------------
[norm=log1p] building pair arrays ...
----------------------------------------------------------------------------------------------------
[norm=zscore] building pair arrays ...

====================================================================================================
[seed=44] P=110
====================================================================================================
----------------------------------------------------------------------------------------------------
[norm=raw] building pair arrays ...
----------------------------------------------------------------------------------------------------
[norm=log1p] building pair arrays ...
----------------------------------------------------------------------------------------------------
[norm=zscore] building pair arrays ...

====================================================================================================
[seed=44] P=120
====================================================================================================
----------------------------------------------------------------------------------------------------
[norm=raw] building pair arrays ...
----------------------------------------------------------------------------------------------------
[norm=log1p] building pair arrays ...
----------------------------------------------------------------------------------------------------
[norm=zscore] building pair arrays ...

====================================================================================================
[seed=44] P=130
====================================================================================================
----------------------------------------------------------------------------------------------------
[norm=raw] building pair arrays ...
----------------------------------------------------------------------------------------------------
[norm=log1p] building pair arrays ...
----------------------------------------------------------------------------------------------------
[norm=zscore] building pair arrays ...

====================================================================================================
[seed=44] P=140
====================================================================================================
----------------------------------------------------------------------------------------------------
[norm=raw] building pair arrays ...
----------------------------------------------------------------------------------------------------
[norm=log1p] building pair arrays ...
----------------------------------------------------------------------------------------------------
[norm=zscore] building pair arrays ...

====================================================================================================
[seed=44] P=150
====================================================================================================
----------------------------------------------------------------------------------------------------
[norm=raw] building pair arrays ...
----------------------------------------------------------------------------------------------------
[norm=log1p] building pair arrays ...
----------------------------------------------------------------------------------------------------
[norm=zscore] building pair arrays ...

====================================================================================================
[seed=44] P=200
====================================================================================================
----------------------------------------------------------------------------------------------------
[norm=raw] building pair arrays ...
----------------------------------------------------------------------------------------------------
[norm=log1p] building pair arrays ...
----------------------------------------------------------------------------------------------------
[norm=zscore] building pair arrays ...

====================================================================================================
[seed=44] P=300
====================================================================================================
----------------------------------------------------------------------------------------------------
[norm=raw] building pair arrays ...
----------------------------------------------------------------------------------------------------
[norm=log1p] building pair arrays ...
----------------------------------------------------------------------------------------------------
[norm=zscore] building pair arrays ...

====================================================================================================
[seed=44] P=400
====================================================================================================
----------------------------------------------------------------------------------------------------
[norm=raw] building pair arrays ...
----------------------------------------------------------------------------------------------------
[norm=log1p] building pair arrays ...
----------------------------------------------------------------------------------------------------
[norm=zscore] building pair arrays ...

====================================================================================================
[seed=44] P=500
====================================================================================================
----------------------------------------------------------------------------------------------------
[norm=raw] building pair arrays ...
----------------------------------------------------------------------------------------------------
[norm=log1p] building pair arrays ...
----------------------------------------------------------------------------------------------------
[norm=zscore] building pair arrays ...

====================================================================================================
[seed=44] P=600
====================================================================================================
----------------------------------------------------------------------------------------------------
[norm=raw] building pair arrays ...
----------------------------------------------------------------------------------------------------
[norm=log1p] building pair arrays ...
----------------------------------------------------------------------------------------------------
[norm=zscore] building pair arrays ...

[5/5] seed done.

##############################################################################################################
[SEED RUN] seed=45
##############################################################################################################

[1/5] form-disjoint split (ID)...
[form split] success try=1: ge2 groups train=4296, test=2454

[2/5] sampling Complex pairs...
 train pairs: same=10000, diff=10000
 ID-test pairs: same=5000, diff=5000
 OOD pairs: same=5000, diff=5000

[3/5] fitting z-score from TRAIN only...

[4/5] baselines (P × norm) ...

====================================================================================================
[seed=45] P=10
====================================================================================================
----------------------------------------------------------------------------------------------------
[norm=raw] building pair arrays ...
----------------------------------------------------------------------------------------------------
[norm=log1p] building pair arrays ...
----------------------------------------------------------------------------------------------------
[norm=zscore] building pair arrays ...

====================================================================================================
[seed=45] P=20
====================================================================================================
----------------------------------------------------------------------------------------------------
[norm=raw] building pair arrays ...
----------------------------------------------------------------------------------------------------
[norm=log1p] building pair arrays ...
----------------------------------------------------------------------------------------------------
[norm=zscore] building pair arrays ...

====================================================================================================
[seed=45] P=30
====================================================================================================
----------------------------------------------------------------------------------------------------
[norm=raw] building pair arrays ...
----------------------------------------------------------------------------------------------------
[norm=log1p] building pair arrays ...
----------------------------------------------------------------------------------------------------
[norm=zscore] building pair arrays ...

====================================================================================================
[seed=45] P=40
====================================================================================================
----------------------------------------------------------------------------------------------------
[norm=raw] building pair arrays ...
----------------------------------------------------------------------------------------------------
[norm=log1p] building pair arrays ...
----------------------------------------------------------------------------------------------------
[norm=zscore] building pair arrays ...

====================================================================================================
[seed=45] P=50
====================================================================================================
----------------------------------------------------------------------------------------------------
[norm=raw] building pair arrays ...
----------------------------------------------------------------------------------------------------
[norm=log1p] building pair arrays ...
----------------------------------------------------------------------------------------------------
[norm=zscore] building pair arrays ...

====================================================================================================
[seed=45] P=60
====================================================================================================
----------------------------------------------------------------------------------------------------
[norm=raw] building pair arrays ...
----------------------------------------------------------------------------------------------------
[norm=log1p] building pair arrays ...
----------------------------------------------------------------------------------------------------
[norm=zscore] building pair arrays ...

====================================================================================================
[seed=45] P=70
====================================================================================================
----------------------------------------------------------------------------------------------------
[norm=raw] building pair arrays ...
----------------------------------------------------------------------------------------------------
[norm=log1p] building pair arrays ...
----------------------------------------------------------------------------------------------------
[norm=zscore] building pair arrays ...

====================================================================================================
[seed=45] P=80
====================================================================================================
----------------------------------------------------------------------------------------------------
[norm=raw] building pair arrays ...
----------------------------------------------------------------------------------------------------
[norm=log1p] building pair arrays ...
----------------------------------------------------------------------------------------------------
[norm=zscore] building pair arrays ...

====================================================================================================
[seed=45] P=90
====================================================================================================
----------------------------------------------------------------------------------------------------
[norm=raw] building pair arrays ...
----------------------------------------------------------------------------------------------------
[norm=log1p] building pair arrays ...
----------------------------------------------------------------------------------------------------
[norm=zscore] building pair arrays ...

====================================================================================================
[seed=45] P=100
====================================================================================================
----------------------------------------------------------------------------------------------------
[norm=raw] building pair arrays ...
----------------------------------------------------------------------------------------------------
[norm=log1p] building pair arrays ...
----------------------------------------------------------------------------------------------------
[norm=zscore] building pair arrays ...

====================================================================================================
[seed=45] P=110
====================================================================================================
----------------------------------------------------------------------------------------------------
[norm=raw] building pair arrays ...
----------------------------------------------------------------------------------------------------
[norm=log1p] building pair arrays ...
----------------------------------------------------------------------------------------------------
[norm=zscore] building pair arrays ...

====================================================================================================
[seed=45] P=120
====================================================================================================
----------------------------------------------------------------------------------------------------
[norm=raw] building pair arrays ...
----------------------------------------------------------------------------------------------------
[norm=log1p] building pair arrays ...
----------------------------------------------------------------------------------------------------
[norm=zscore] building pair arrays ...

====================================================================================================
[seed=45] P=130
====================================================================================================
----------------------------------------------------------------------------------------------------
[norm=raw] building pair arrays ...
----------------------------------------------------------------------------------------------------
[norm=log1p] building pair arrays ...
----------------------------------------------------------------------------------------------------
[norm=zscore] building pair arrays ...

====================================================================================================
[seed=45] P=140
====================================================================================================
----------------------------------------------------------------------------------------------------
[norm=raw] building pair arrays ...
----------------------------------------------------------------------------------------------------
[norm=log1p] building pair arrays ...
----------------------------------------------------------------------------------------------------
[norm=zscore] building pair arrays ...

====================================================================================================
[seed=45] P=150
====================================================================================================
----------------------------------------------------------------------------------------------------
[norm=raw] building pair arrays ...
----------------------------------------------------------------------------------------------------
[norm=log1p] building pair arrays ...
----------------------------------------------------------------------------------------------------
[norm=zscore] building pair arrays ...

====================================================================================================
[seed=45] P=200
====================================================================================================
----------------------------------------------------------------------------------------------------
[norm=raw] building pair arrays ...
----------------------------------------------------------------------------------------------------
[norm=log1p] building pair arrays ...
----------------------------------------------------------------------------------------------------
[norm=zscore] building pair arrays ...

====================================================================================================
[seed=45] P=300
====================================================================================================
----------------------------------------------------------------------------------------------------
[norm=raw] building pair arrays ...
----------------------------------------------------------------------------------------------------
[norm=log1p] building pair arrays ...
----------------------------------------------------------------------------------------------------
[norm=zscore] building pair arrays ...

====================================================================================================
[seed=45] P=400
====================================================================================================
----------------------------------------------------------------------------------------------------
[norm=raw] building pair arrays ...
----------------------------------------------------------------------------------------------------
[norm=log1p] building pair arrays ...
----------------------------------------------------------------------------------------------------
[norm=zscore] building pair arrays ...

====================================================================================================
[seed=45] P=500
====================================================================================================
----------------------------------------------------------------------------------------------------
[norm=raw] building pair arrays ...
----------------------------------------------------------------------------------------------------
[norm=log1p] building pair arrays ...
----------------------------------------------------------------------------------------------------
[norm=zscore] building pair arrays ...

====================================================================================================
[seed=45] P=600
====================================================================================================
----------------------------------------------------------------------------------------------------
[norm=raw] building pair arrays ...
----------------------------------------------------------------------------------------------------
[norm=log1p] building pair arrays ...
----------------------------------------------------------------------------------------------------
[norm=zscore] building pair arrays ...

[5/5] seed done.

##############################################################################################################
[SEED RUN] seed=46
##############################################################################################################

[1/5] form-disjoint split (ID)...
[form split] success try=1: ge2 groups train=4317, test=2452

[2/5] sampling Complex pairs...
 train pairs: same=10000, diff=10000
 ID-test pairs: same=5000, diff=5000
 OOD pairs: same=5000, diff=5000

[3/5] fitting z-score from TRAIN only...

[4/5] baselines (P × norm) ...

====================================================================================================
[seed=46] P=10
====================================================================================================
----------------------------------------------------------------------------------------------------
[norm=raw] building pair arrays ...
----------------------------------------------------------------------------------------------------
[norm=log1p] building pair arrays ...
----------------------------------------------------------------------------------------------------
[norm=zscore] building pair arrays ...

====================================================================================================
[seed=46] P=20
====================================================================================================
----------------------------------------------------------------------------------------------------
[norm=raw] building pair arrays ...
----------------------------------------------------------------------------------------------------
[norm=log1p] building pair arrays ...
----------------------------------------------------------------------------------------------------
[norm=zscore] building pair arrays ...

====================================================================================================
[seed=46] P=30
====================================================================================================
----------------------------------------------------------------------------------------------------
[norm=raw] building pair arrays ...
----------------------------------------------------------------------------------------------------
[norm=log1p] building pair arrays ...
----------------------------------------------------------------------------------------------------
[norm=zscore] building pair arrays ...

====================================================================================================
[seed=46] P=40
====================================================================================================
----------------------------------------------------------------------------------------------------
[norm=raw] building pair arrays ...
----------------------------------------------------------------------------------------------------
[norm=log1p] building pair arrays ...
----------------------------------------------------------------------------------------------------
[norm=zscore] building pair arrays ...

====================================================================================================
[seed=46] P=50
====================================================================================================
----------------------------------------------------------------------------------------------------
[norm=raw] building pair arrays ...
----------------------------------------------------------------------------------------------------
[norm=log1p] building pair arrays ...
----------------------------------------------------------------------------------------------------
[norm=zscore] building pair arrays ...

====================================================================================================
[seed=46] P=60
====================================================================================================
----------------------------------------------------------------------------------------------------
[norm=raw] building pair arrays ...
----------------------------------------------------------------------------------------------------
[norm=log1p] building pair arrays ...
----------------------------------------------------------------------------------------------------
[norm=zscore] building pair arrays ...

====================================================================================================
[seed=46] P=70
====================================================================================================
----------------------------------------------------------------------------------------------------
[norm=raw] building pair arrays ...
----------------------------------------------------------------------------------------------------
[norm=log1p] building pair arrays ...
----------------------------------------------------------------------------------------------------
[norm=zscore] building pair arrays ...

====================================================================================================
[seed=46] P=80
====================================================================================================
----------------------------------------------------------------------------------------------------
[norm=raw] building pair arrays ...
----------------------------------------------------------------------------------------------------
[norm=log1p] building pair arrays ...
----------------------------------------------------------------------------------------------------
[norm=zscore] building pair arrays ...

====================================================================================================
[seed=46] P=90
====================================================================================================
----------------------------------------------------------------------------------------------------
[norm=raw] building pair arrays ...
----------------------------------------------------------------------------------------------------
[norm=log1p] building pair arrays ...
----------------------------------------------------------------------------------------------------
[norm=zscore] building pair arrays ...

====================================================================================================
[seed=46] P=100
====================================================================================================
----------------------------------------------------------------------------------------------------
[norm=raw] building pair arrays ...
----------------------------------------------------------------------------------------------------
[norm=log1p] building pair arrays ...
----------------------------------------------------------------------------------------------------
[norm=zscore] building pair arrays ...

====================================================================================================
[seed=46] P=110
====================================================================================================
----------------------------------------------------------------------------------------------------
[norm=raw] building pair arrays ...
----------------------------------------------------------------------------------------------------
[norm=log1p] building pair arrays ...
----------------------------------------------------------------------------------------------------
[norm=zscore] building pair arrays ...

====================================================================================================
[seed=46] P=120
====================================================================================================
----------------------------------------------------------------------------------------------------
[norm=raw] building pair arrays ...
----------------------------------------------------------------------------------------------------
[norm=log1p] building pair arrays ...
----------------------------------------------------------------------------------------------------
[norm=zscore] building pair arrays ...

====================================================================================================
[seed=46] P=130
====================================================================================================
----------------------------------------------------------------------------------------------------
[norm=raw] building pair arrays ...
----------------------------------------------------------------------------------------------------
[norm=log1p] building pair arrays ...
----------------------------------------------------------------------------------------------------
[norm=zscore] building pair arrays ...

====================================================================================================
[seed=46] P=140
====================================================================================================
----------------------------------------------------------------------------------------------------
[norm=raw] building pair arrays ...
----------------------------------------------------------------------------------------------------
[norm=log1p] building pair arrays ...
----------------------------------------------------------------------------------------------------
[norm=zscore] building pair arrays ...

====================================================================================================
[seed=46] P=150
====================================================================================================
----------------------------------------------------------------------------------------------------
[norm=raw] building pair arrays ...
----------------------------------------------------------------------------------------------------
[norm=log1p] building pair arrays ...
----------------------------------------------------------------------------------------------------
[norm=zscore] building pair arrays ...

====================================================================================================
[seed=46] P=200
====================================================================================================
----------------------------------------------------------------------------------------------------
[norm=raw] building pair arrays ...
----------------------------------------------------------------------------------------------------
[norm=log1p] building pair arrays ...
----------------------------------------------------------------------------------------------------
[norm=zscore] building pair arrays ...

====================================================================================================
[seed=46] P=300
====================================================================================================
----------------------------------------------------------------------------------------------------
[norm=raw] building pair arrays ...
----------------------------------------------------------------------------------------------------
[norm=log1p] building pair arrays ...
----------------------------------------------------------------------------------------------------
[norm=zscore] building pair arrays ...

====================================================================================================
[seed=46] P=400
====================================================================================================
----------------------------------------------------------------------------------------------------
[norm=raw] building pair arrays ...
----------------------------------------------------------------------------------------------------
[norm=log1p] building pair arrays ...
----------------------------------------------------------------------------------------------------
[norm=zscore] building pair arrays ...

====================================================================================================
[seed=46] P=500
====================================================================================================
----------------------------------------------------------------------------------------------------
[norm=raw] building pair arrays ...
----------------------------------------------------------------------------------------------------
[norm=log1p] building pair arrays ...
----------------------------------------------------------------------------------------------------
[norm=zscore] building pair arrays ...

====================================================================================================
[seed=46] P=600
====================================================================================================
----------------------------------------------------------------------------------------------------
[norm=raw] building pair arrays ...
----------------------------------------------------------------------------------------------------
[norm=log1p] building pair arrays ...
----------------------------------------------------------------------------------------------------
[norm=zscore] building pair arrays ...

[5/5] seed done.

==============================================================================================================
[SAVE] results/baseline_official_rerun/results_baselines_per_seed.csv
==============================================================================================================

==============================================================================================================
FINAL BASELINE SUMMARY (mean ± std over seeds)
==============================================================================================================
  P | Norm    | Model              |           ID Acc |          OOD Acc |          OOD AUROC | n
--------------------------------------------------------------------------------------------------------------
 10 | log1p   | Baseline_CosThresh |  0.5668 ± 0.0060 |  0.5144 ± 0.0029 |   0.3578 ±  0.0058 | 5
 10 | log1p   | Baseline_L1Thresh  |  0.5532 ± 0.0066 |  0.5098 ± 0.0029 |   0.4427 ±  0.0327 | 5
 10 | log1p   | Baseline_L2Thresh  |  0.5532 ± 0.0066 |  0.5098 ± 0.0029 |   0.4291 ±  0.0191 | 5
 10 | log1p   | Baseline_LogReg    |  0.5674 ± 0.0060 |  0.5277 ± 0.0101 |   0.5248 ±  0.0162 | 5
 10 | raw     | Baseline_CosThresh |  0.5675 ± 0.0059 |  0.5144 ± 0.0029 |   0.3557 ±  0.0038 | 5
 10 | raw     | Baseline_L1Thresh  |  0.5533 ± 0.0066 |  0.5098 ± 0.0029 |   0.4658 ±  0.0300 | 5
 10 | raw     | Baseline_L2Thresh  |  0.5533 ± 0.0066 |  0.5098 ± 0.0029 |   0.4711 ±  0.0253 | 5
 10 | raw     | Baseline_LogReg    |  0.5663 ± 0.0054 |  0.5254 ± 0.0046 |   0.5175 ±  0.0036 | 5
 10 | zscore  | Baseline_CosThresh |  0.5664 ± 0.0047 |  0.5137 ± 0.0018 |   0.3579 ±  0.0419 | 5
 10 | zscore  | Baseline_L1Thresh  |  0.5533 ± 0.0066 |  0.5098 ± 0.0029 |   0.4692 ±  0.0324 | 5
 10 | zscore  | Baseline_L2Thresh  |  0.5533 ± 0.0066 |  0.5098 ± 0.0029 |   0.4753 ±  0.0313 | 5
 10 | zscore  | Baseline_LogReg    |  0.5662 ± 0.0054 |  0.5288 ± 0.0093 |   0.5248 ±  0.0107 | 5
 20 | log1p   | Baseline_CosThresh |  0.5959 ± 0.0056 |  0.5437 ± 0.0049 |   0.4733 ±  0.0279 | 5
 20 | log1p   | Baseline_L1Thresh  |  0.5766 ± 0.0045 |  0.5342 ± 0.0042 |   0.5762 ±  0.0394 | 5
 20 | log1p   | Baseline_L2Thresh  |  0.5766 ± 0.0045 |  0.5342 ± 0.0042 |   0.5529 ±  0.0497 | 5
 20 | log1p   | Baseline_LogReg    |  0.6040 ± 0.0049 |  0.5492 ± 0.0073 |   0.5211 ±  0.0174 | 5
 20 | raw     | Baseline_CosThresh |  0.5999 ± 0.0066 |  0.5437 ± 0.0049 |   0.4647 ±  0.0110 | 5
 20 | raw     | Baseline_L1Thresh  |  0.5767 ± 0.0045 |  0.5342 ± 0.0042 |   0.6330 ±  0.0469 | 5
 20 | raw     | Baseline_L2Thresh  |  0.5767 ± 0.0045 |  0.5342 ± 0.0042 |   0.6748 ±  0.0508 | 5
 20 | raw     | Baseline_LogReg    |  0.6046 ± 0.0059 |  0.5440 ± 0.0050 |   0.5277 ±  0.0040 | 5
 20 | zscore  | Baseline_CosThresh |  0.6023 ± 0.0053 |  0.5437 ± 0.0049 |   0.3890 ±  0.0192 | 5
 20 | zscore  | Baseline_L1Thresh  |  0.5765 ± 0.0046 |  0.5323 ± 0.0054 |   0.6528 ±  0.0450 | 5
 20 | zscore  | Baseline_L2Thresh  |  0.5765 ± 0.0046 |  0.5323 ± 0.0054 |   0.6713 ±  0.0409 | 5
 20 | zscore  | Baseline_LogReg    |  0.6029 ± 0.0050 |  0.5451 ± 0.0054 |   0.5018 ±  0.0152 | 5
 30 | log1p   | Baseline_CosThresh |  0.6333 ± 0.0038 |  0.5502 ± 0.0071 |   0.5842 ±  0.0096 | 5
 30 | log1p   | Baseline_L1Thresh  |  0.5866 ± 0.0082 |  0.5285 ± 0.0123 |   0.6805 ±  0.0584 | 5
 30 | log1p   | Baseline_L2Thresh  |  0.5870 ± 0.0085 |  0.5285 ± 0.0123 |   0.6788 ±  0.0589 | 5
 30 | log1p   | Baseline_LogReg    |  0.6361 ± 0.0043 |  0.5415 ± 0.0095 |   0.6505 ±  0.0065 | 5
 30 | raw     | Baseline_CosThresh |  0.6336 ± 0.0040 |  0.5497 ± 0.0074 |   0.5744 ±  0.0087 | 5
 30 | raw     | Baseline_L1Thresh  |  0.5866 ± 0.0082 |  0.5285 ± 0.0123 |   0.7757 ±  0.0538 | 5
 30 | raw     | Baseline_L2Thresh  |  0.5867 ± 0.0082 |  0.5285 ± 0.0123 |   0.8032 ±  0.0457 | 5
 30 | raw     | Baseline_LogReg    |  0.6373 ± 0.0039 |  0.5403 ± 0.0076 |   0.5798 ±  0.0232 | 5
 30 | zscore  | Baseline_CosThresh |  0.6354 ± 0.0020 |  0.5470 ± 0.0069 |   0.4853 ±  0.1109 | 5
 30 | zscore  | Baseline_L1Thresh  |  0.5863 ± 0.0069 |  0.5281 ± 0.0128 |   0.7968 ±  0.0395 | 5
 30 | zscore  | Baseline_L2Thresh  |  0.5861 ± 0.0060 |  0.5342 ± 0.0136 |   0.7997 ±  0.0424 | 5
 30 | zscore  | Baseline_LogReg    |  0.6390 ± 0.0047 |  0.5196 ± 0.0043 |   0.5496 ±  0.0016 | 5
 40 | log1p   | Baseline_CosThresh |  0.6617 ± 0.0011 |  0.5423 ± 0.0046 |   0.5829 ±  0.0075 | 5
 40 | log1p   | Baseline_L1Thresh  |  0.6128 ± 0.0072 |  0.5135 ± 0.0031 |   0.7602 ±  0.0465 | 5
 40 | log1p   | Baseline_L2Thresh  |  0.6141 ± 0.0075 |  0.5136 ± 0.0028 |   0.7480 ±  0.0612 | 5
 40 | log1p   | Baseline_LogReg    |  0.6651 ± 0.0050 |  0.5453 ± 0.0205 |   0.6646 ±  0.0130 | 5
 40 | raw     | Baseline_CosThresh |  0.6600 ± 0.0042 |  0.5594 ± 0.0246 |   0.5723 ±  0.0082 | 5
 40 | raw     | Baseline_L1Thresh  |  0.6119 ± 0.0078 |  0.5135 ± 0.0028 |   0.8538 ±  0.0426 | 5
 40 | raw     | Baseline_L2Thresh  |  0.6118 ± 0.0079 |  0.5148 ± 0.0030 |   0.8647 ±  0.0394 | 5
 40 | raw     | Baseline_LogReg    |  0.6659 ± 0.0059 |  0.5451 ± 0.0203 |   0.6806 ±  0.0121 | 5
 40 | zscore  | Baseline_CosThresh |  0.6635 ± 0.0047 |  0.5316 ± 0.0063 |   0.7030 ±  0.0268 | 5
 40 | zscore  | Baseline_L1Thresh  |  0.6089 ± 0.0037 |  0.5148 ± 0.0056 |   0.8771 ±  0.0261 | 5
 40 | zscore  | Baseline_L2Thresh  |  0.6041 ± 0.0053 |  0.5218 ± 0.0059 |   0.8806 ±  0.0398 | 5
 40 | zscore  | Baseline_LogReg    |  0.6669 ± 0.0046 |  0.5388 ± 0.0033 |   0.6139 ±  0.0058 | 5
 50 | log1p   | Baseline_CosThresh |  0.6860 ± 0.0027 |  0.5577 ± 0.0034 |   0.5356 ±  0.0024 | 5
 50 | log1p   | Baseline_L1Thresh  |  0.6197 ± 0.0058 |  0.5160 ± 0.0048 |   0.8250 ±  0.0294 | 5
 50 | log1p   | Baseline_L2Thresh  |  0.6207 ± 0.0064 |  0.5160 ± 0.0062 |   0.7541 ±  0.0500 | 5
 50 | log1p   | Baseline_LogReg    |  0.6828 ± 0.0048 |  0.5645 ± 0.0125 |   0.6314 ±  0.0194 | 5
 50 | raw     | Baseline_CosThresh |  0.6851 ± 0.0042 |  0.5627 ± 0.0092 |   0.5363 ±  0.0037 | 5
 50 | raw     | Baseline_L1Thresh  |  0.6176 ± 0.0058 |  0.5138 ± 0.0075 |   0.8924 ±  0.0232 | 5
 50 | raw     | Baseline_L2Thresh  |  0.6189 ± 0.0067 |  0.5165 ± 0.0069 |   0.8734 ±  0.0316 | 5
 50 | raw     | Baseline_LogReg    |  0.6827 ± 0.0056 |  0.5611 ± 0.0135 |   0.6446 ±  0.0178 | 5
 50 | zscore  | Baseline_CosThresh |  0.6813 ± 0.0007 |  0.5511 ± 0.0116 |   0.5370 ±  0.0464 | 5
 50 | zscore  | Baseline_L1Thresh  |  0.6162 ± 0.0071 |  0.5181 ± 0.0056 |   0.9046 ±  0.0135 | 5
 50 | zscore  | Baseline_L2Thresh  |  0.6137 ± 0.0059 |  0.5226 ± 0.0057 |   0.9056 ±  0.0235 | 5
 50 | zscore  | Baseline_LogReg    |  0.6908 ± 0.0068 |  0.5614 ± 0.0047 |   0.6185 ±  0.0035 | 5
 60 | log1p   | Baseline_CosThresh |  0.6997 ± 0.0046 |  0.5889 ± 0.0130 |   0.5137 ±  0.0091 | 5
 60 | log1p   | Baseline_L1Thresh  |  0.6324 ± 0.0054 |  0.5179 ± 0.0017 |   0.8623 ±  0.0251 | 5
 60 | log1p   | Baseline_L2Thresh  |  0.6347 ± 0.0060 |  0.5178 ± 0.0016 |   0.7486 ±  0.0495 | 5
 60 | log1p   | Baseline_LogReg    |  0.7018 ± 0.0064 |  0.5799 ± 0.0045 |   0.6175 ±  0.0165 | 5
 60 | raw     | Baseline_CosThresh |  0.6995 ± 0.0046 |  0.6023 ± 0.0119 |   0.4970 ±  0.0052 | 5
 60 | raw     | Baseline_L1Thresh  |  0.6328 ± 0.0056 |  0.5177 ± 0.0016 |   0.9103 ±  0.0136 | 5
 60 | raw     | Baseline_L2Thresh  |  0.6332 ± 0.0053 |  0.5213 ± 0.0020 |   0.8615 ±  0.0379 | 5
 60 | raw     | Baseline_LogReg    |  0.7018 ± 0.0056 |  0.5781 ± 0.0050 |   0.6258 ±  0.0101 | 5
 60 | zscore  | Baseline_CosThresh |  0.6985 ± 0.0028 |  0.5582 ± 0.0194 |   0.4846 ±  0.1052 | 5
 60 | zscore  | Baseline_L1Thresh  |  0.6250 ± 0.0084 |  0.5208 ± 0.0079 |   0.9152 ±  0.0107 | 5
 60 | zscore  | Baseline_L2Thresh  |  0.6243 ± 0.0075 |  0.5180 ± 0.0064 |   0.8977 ±  0.0386 | 5
 60 | zscore  | Baseline_LogReg    |  0.7099 ± 0.0039 |  0.5763 ± 0.0053 |   0.6226 ±  0.0050 | 5
 70 | log1p   | Baseline_CosThresh |  0.7141 ± 0.0029 |  0.6110 ± 0.0132 |   0.4828 ±  0.0083 | 5
 70 | log1p   | Baseline_L1Thresh  |  0.6440 ± 0.0058 |  0.5124 ± 0.0033 |   0.8753 ±  0.0245 | 5
 70 | log1p   | Baseline_L2Thresh  |  0.6417 ± 0.0051 |  0.5086 ± 0.0017 |   0.7097 ±  0.0753 | 5
 70 | log1p   | Baseline_LogReg    |  0.7223 ± 0.0038 |  0.5988 ± 0.0141 |   0.6412 ±  0.0181 | 5
 70 | raw     | Baseline_CosThresh |  0.7153 ± 0.0035 |  0.6316 ± 0.0031 |   0.4752 ±  0.0151 | 5
 70 | raw     | Baseline_L1Thresh  |  0.6402 ± 0.0033 |  0.5103 ± 0.0035 |   0.9137 ±  0.0140 | 5
 70 | raw     | Baseline_L2Thresh  |  0.6396 ± 0.0042 |  0.5121 ± 0.0019 |   0.8603 ±  0.0493 | 5
 70 | raw     | Baseline_LogReg    |  0.7223 ± 0.0037 |  0.6069 ± 0.0074 |   0.6529 ±  0.0058 | 5
 70 | zscore  | Baseline_CosThresh |  0.7126 ± 0.0021 |  0.5604 ± 0.0064 |   0.5272 ±  0.0406 | 5
 70 | zscore  | Baseline_L1Thresh  |  0.6388 ± 0.0044 |  0.5135 ± 0.0024 |   0.9195 ±  0.0100 | 5
 70 | zscore  | Baseline_L2Thresh  |  0.6348 ± 0.0064 |  0.5147 ± 0.0029 |   0.8902 ±  0.0544 | 5
 70 | zscore  | Baseline_LogReg    |  0.7223 ± 0.0041 |  0.5961 ± 0.0017 |   0.6300 ±  0.0075 | 5
 80 | log1p   | Baseline_CosThresh |  0.7236 ± 0.0046 |  0.6309 ± 0.0062 |   0.4625 ±  0.0080 | 5
 80 | log1p   | Baseline_L1Thresh  |  0.6499 ± 0.0062 |  0.5156 ± 0.0027 |   0.8938 ±  0.0157 | 5
 80 | log1p   | Baseline_L2Thresh  |  0.6527 ± 0.0062 |  0.5157 ± 0.0037 |   0.6799 ±  0.0771 | 5
 80 | log1p   | Baseline_LogReg    |  0.7337 ± 0.0058 |  0.6182 ± 0.0068 |   0.6420 ±  0.0076 | 5
 80 | raw     | Baseline_CosThresh |  0.7253 ± 0.0039 |  0.6421 ± 0.0023 |   0.4550 ±  0.0123 | 5
 80 | raw     | Baseline_L1Thresh  |  0.6488 ± 0.0063 |  0.5162 ± 0.0027 |   0.9216 ±  0.0091 | 5
 80 | raw     | Baseline_L2Thresh  |  0.6456 ± 0.0028 |  0.5174 ± 0.0054 |   0.8582 ±  0.0622 | 5
 80 | raw     | Baseline_LogReg    |  0.7376 ± 0.0052 |  0.6160 ± 0.0041 |   0.6583 ±  0.0064 | 5
 80 | zscore  | Baseline_CosThresh |  0.7229 ± 0.0048 |  0.5512 ± 0.0091 |   0.4440 ±  0.0470 | 5
 80 | zscore  | Baseline_L1Thresh  |  0.6456 ± 0.0051 |  0.5162 ± 0.0019 |   0.9239 ±  0.0073 | 5
 80 | zscore  | Baseline_L2Thresh  |  0.6401 ± 0.0069 |  0.5166 ± 0.0073 |   0.8876 ±  0.0477 | 5
 80 | zscore  | Baseline_LogReg    |  0.7371 ± 0.0032 |  0.6042 ± 0.0043 |   0.6455 ±  0.0040 | 5
 90 | log1p   | Baseline_CosThresh |  0.7345 ± 0.0037 |  0.6541 ± 0.0039 |   0.4414 ±  0.0078 | 5
 90 | log1p   | Baseline_L1Thresh  |  0.6572 ± 0.0030 |  0.5158 ± 0.0021 |   0.8963 ±  0.0124 | 5
 90 | log1p   | Baseline_L2Thresh  |  0.6597 ± 0.0024 |  0.5144 ± 0.0041 |   0.6402 ±  0.0878 | 5
 90 | log1p   | Baseline_LogReg    |  0.7438 ± 0.0043 |  0.6179 ± 0.0181 |   0.6359 ±  0.0134 | 5
 90 | raw     | Baseline_CosThresh |  0.7362 ± 0.0041 |  0.6559 ± 0.0039 |   0.4409 ±  0.0052 | 5
 90 | raw     | Baseline_L1Thresh  |  0.6566 ± 0.0033 |  0.5134 ± 0.0048 |   0.9218 ±  0.0091 | 5
 90 | raw     | Baseline_L2Thresh  |  0.6551 ± 0.0052 |  0.5147 ± 0.0055 |   0.8605 ±  0.0462 | 5
 90 | raw     | Baseline_LogReg    |  0.7473 ± 0.0030 |  0.6194 ± 0.0179 |   0.6548 ±  0.0047 | 5
 90 | zscore  | Baseline_CosThresh |  0.7320 ± 0.0017 |  0.5720 ± 0.0187 |   0.4561 ±  0.0402 | 5
 90 | zscore  | Baseline_L1Thresh  |  0.6544 ± 0.0046 |  0.5146 ± 0.0032 |   0.9228 ±  0.0076 | 5
 90 | zscore  | Baseline_L2Thresh  |  0.6479 ± 0.0061 |  0.5141 ± 0.0059 |   0.8795 ±  0.0514 | 5
 90 | zscore  | Baseline_LogReg    |  0.7483 ± 0.0022 |  0.6057 ± 0.0072 |   0.6381 ±  0.0083 | 5
100 | log1p   | Baseline_CosThresh |  0.7488 ± 0.0056 |  0.6705 ± 0.0045 |   0.4235 ±  0.0052 | 5
100 | log1p   | Baseline_L1Thresh  |  0.6643 ± 0.0069 |  0.5132 ± 0.0034 |   0.9061 ±  0.0113 | 5
100 | log1p   | Baseline_L2Thresh  |  0.6676 ± 0.0062 |  0.5156 ± 0.0031 |   0.6130 ±  0.0864 | 5
100 | log1p   | Baseline_LogReg    |  0.7607 ± 0.0040 |  0.6308 ± 0.0123 |   0.6295 ±  0.0082 | 5
100 | raw     | Baseline_CosThresh |  0.7520 ± 0.0051 |  0.6708 ± 0.0045 |   0.4161 ±  0.0207 | 5
100 | raw     | Baseline_L1Thresh  |  0.6616 ± 0.0046 |  0.5141 ± 0.0029 |   0.9271 ±  0.0066 | 5
100 | raw     | Baseline_L2Thresh  |  0.6589 ± 0.0039 |  0.5165 ± 0.0038 |   0.8405 ±  0.0742 | 5
100 | raw     | Baseline_LogReg    |  0.7650 ± 0.0018 |  0.6388 ± 0.0035 |   0.6502 ±  0.0035 | 5
100 | zscore  | Baseline_CosThresh |  0.7468 ± 0.0050 |  0.6135 ± 0.0237 |   0.3881 ±  0.0538 | 5
100 | zscore  | Baseline_L1Thresh  |  0.6593 ± 0.0066 |  0.5135 ± 0.0025 |   0.9267 ±  0.0065 | 5
100 | zscore  | Baseline_L2Thresh  |  0.6539 ± 0.0044 |  0.5135 ± 0.0052 |   0.8750 ±  0.0493 | 5
100 | zscore  | Baseline_LogReg    |  0.7623 ± 0.0046 |  0.6137 ± 0.0082 |   0.6475 ±  0.0047 | 5
110 | log1p   | Baseline_CosThresh |  0.7518 ± 0.0064 |  0.6778 ± 0.0050 |   0.4073 ±  0.0061 | 5
110 | log1p   | Baseline_L1Thresh  |  0.6693 ± 0.0052 |  0.5148 ± 0.0018 |   0.9024 ±  0.0123 | 5
110 | log1p   | Baseline_L2Thresh  |  0.6734 ± 0.0069 |  0.5162 ± 0.0028 |   0.5605 ±  0.1014 | 5
110 | log1p   | Baseline_LogReg    |  0.7727 ± 0.0045 |  0.6453 ± 0.0065 |   0.6179 ±  0.0042 | 5
110 | raw     | Baseline_CosThresh |  0.7542 ± 0.0061 |  0.6779 ± 0.0049 |   0.4329 ±  0.0051 | 5
110 | raw     | Baseline_L1Thresh  |  0.6694 ± 0.0051 |  0.5147 ± 0.0026 |   0.9237 ±  0.0083 | 5
110 | raw     | Baseline_L2Thresh  |  0.6697 ± 0.0028 |  0.5187 ± 0.0023 |   0.8746 ±  0.0503 | 5
110 | raw     | Baseline_LogReg    |  0.7746 ± 0.0046 |  0.6515 ± 0.0034 |   0.6405 ±  0.0028 | 5
110 | zscore  | Baseline_CosThresh |  0.7494 ± 0.0064 |  0.5834 ± 0.0322 |   0.3929 ±  0.0430 | 5
110 | zscore  | Baseline_L1Thresh  |  0.6654 ± 0.0052 |  0.5149 ± 0.0029 |   0.9242 ±  0.0081 | 5
110 | zscore  | Baseline_L2Thresh  |  0.6590 ± 0.0039 |  0.5131 ± 0.0047 |   0.9106 ±  0.0177 | 5
110 | zscore  | Baseline_LogReg    |  0.7710 ± 0.0037 |  0.6225 ± 0.0050 |   0.6413 ±  0.0049 | 5
120 | log1p   | Baseline_CosThresh |  0.7593 ± 0.0061 |  0.6898 ± 0.0048 |   0.3853 ±  0.0048 | 5
120 | log1p   | Baseline_L1Thresh  |  0.6766 ± 0.0032 |  0.5159 ± 0.0031 |   0.8985 ±  0.0115 | 5
120 | log1p   | Baseline_L2Thresh  |  0.6814 ± 0.0044 |  0.5173 ± 0.0047 |   0.4782 ±  0.1031 | 5
120 | log1p   | Baseline_LogReg    |  0.7835 ± 0.0059 |  0.6507 ± 0.0026 |   0.6227 ±  0.0070 | 5
120 | raw     | Baseline_CosThresh |  0.7624 ± 0.0065 |  0.6899 ± 0.0048 |   0.4166 ±  0.0076 | 5
120 | raw     | Baseline_L1Thresh  |  0.6765 ± 0.0039 |  0.5181 ± 0.0027 |   0.9205 ±  0.0090 | 5
120 | raw     | Baseline_L2Thresh  |  0.6730 ± 0.0030 |  0.5209 ± 0.0049 |   0.8662 ±  0.0559 | 5
120 | raw     | Baseline_LogReg    |  0.7876 ± 0.0042 |  0.6661 ± 0.0014 |   0.6387 ±  0.0025 | 5
120 | zscore  | Baseline_CosThresh |  0.7583 ± 0.0063 |  0.6118 ± 0.0235 |   0.3551 ±  0.0280 | 5
120 | zscore  | Baseline_L1Thresh  |  0.6700 ± 0.0051 |  0.5144 ± 0.0046 |   0.9225 ±  0.0107 | 5
120 | zscore  | Baseline_L2Thresh  |  0.6620 ± 0.0036 |  0.5163 ± 0.0062 |   0.9068 ±  0.0195 | 5
120 | zscore  | Baseline_LogReg    |  0.7827 ± 0.0043 |  0.6372 ± 0.0059 |   0.6487 ±  0.0054 | 5
130 | log1p   | Baseline_CosThresh |  0.7677 ± 0.0102 |  0.7039 ± 0.0056 |   0.3897 ±  0.0049 | 5
130 | log1p   | Baseline_L1Thresh  |  0.6774 ± 0.0044 |  0.5143 ± 0.0034 |   0.9025 ±  0.0124 | 5
130 | log1p   | Baseline_L2Thresh  |  0.6843 ± 0.0045 |  0.5134 ± 0.0025 |   0.4769 ±  0.1145 | 5
130 | log1p   | Baseline_LogReg    |  0.7942 ± 0.0054 |  0.6686 ± 0.0067 |   0.6149 ±  0.0089 | 5
130 | raw     | Baseline_CosThresh |  0.7709 ± 0.0071 |  0.7045 ± 0.0055 |   0.4103 ±  0.0048 | 5
130 | raw     | Baseline_L1Thresh  |  0.6775 ± 0.0050 |  0.5139 ± 0.0030 |   0.9250 ±  0.0084 | 5
130 | raw     | Baseline_L2Thresh  |  0.6769 ± 0.0054 |  0.5204 ± 0.0030 |   0.8591 ±  0.0575 | 5
130 | raw     | Baseline_LogReg    |  0.7987 ± 0.0070 |  0.6823 ± 0.0030 |   0.6361 ±  0.0049 | 5
130 | zscore  | Baseline_CosThresh |  0.7675 ± 0.0068 |  0.6365 ± 0.0359 |   0.3416 ±  0.0319 | 5
130 | zscore  | Baseline_L1Thresh  |  0.6751 ± 0.0029 |  0.5149 ± 0.0021 |   0.9221 ±  0.0094 | 5
130 | zscore  | Baseline_L2Thresh  |  0.6660 ± 0.0041 |  0.5144 ± 0.0037 |   0.9092 ±  0.0252 | 5
130 | zscore  | Baseline_LogReg    |  0.7909 ± 0.0053 |  0.6410 ± 0.0055 |   0.6499 ±  0.0043 | 5
140 | log1p   | Baseline_CosThresh |  0.7735 ± 0.0078 |  0.7103 ± 0.0052 |   0.3737 ±  0.0060 | 5
140 | log1p   | Baseline_L1Thresh  |  0.6849 ± 0.0042 |  0.5142 ± 0.0019 |   0.8989 ±  0.0117 | 5
140 | log1p   | Baseline_L2Thresh  |  0.6912 ± 0.0045 |  0.5138 ± 0.0012 |   0.4079 ±  0.1117 | 5
140 | log1p   | Baseline_LogReg    |  0.8011 ± 0.0045 |  0.6767 ± 0.0019 |   0.6163 ±  0.0045 | 5
140 | raw     | Baseline_CosThresh |  0.7753 ± 0.0077 |  0.7102 ± 0.0052 |   0.4035 ±  0.0035 | 5
140 | raw     | Baseline_L1Thresh  |  0.6828 ± 0.0069 |  0.5125 ± 0.0017 |   0.9212 ±  0.0101 | 5
140 | raw     | Baseline_L2Thresh  |  0.6831 ± 0.0064 |  0.5211 ± 0.0023 |   0.8535 ±  0.0718 | 5
140 | raw     | Baseline_LogReg    |  0.8061 ± 0.0052 |  0.6876 ± 0.0026 |   0.6321 ±  0.0075 | 5
140 | zscore  | Baseline_CosThresh |  0.7736 ± 0.0077 |  0.6847 ± 0.0066 |   0.3203 ±  0.0277 | 5
140 | zscore  | Baseline_L1Thresh  |  0.6795 ± 0.0060 |  0.5123 ± 0.0027 |   0.9201 ±  0.0112 | 5
140 | zscore  | Baseline_L2Thresh  |  0.6697 ± 0.0046 |  0.5127 ± 0.0039 |   0.9072 ±  0.0357 | 5
140 | zscore  | Baseline_LogReg    |  0.7997 ± 0.0048 |  0.6526 ± 0.0049 |   0.6533 ±  0.0051 | 5
150 | log1p   | Baseline_CosThresh |  0.7791 ± 0.0058 |  0.7182 ± 0.0046 |   0.3701 ±  0.0043 | 5
150 | log1p   | Baseline_L1Thresh  |  0.6917 ± 0.0045 |  0.5136 ± 0.0013 |   0.8911 ±  0.0112 | 5
150 | log1p   | Baseline_L2Thresh  |  0.6969 ± 0.0027 |  0.5137 ± 0.0023 |   0.3915 ±  0.1016 | 5
150 | log1p   | Baseline_LogReg    |  0.8036 ± 0.0036 |  0.6870 ± 0.0036 |   0.6148 ±  0.0042 | 5
150 | raw     | Baseline_CosThresh |  0.7798 ± 0.0067 |  0.7181 ± 0.0050 |   0.4100 ±  0.0087 | 5
150 | raw     | Baseline_L1Thresh  |  0.6900 ± 0.0046 |  0.5139 ± 0.0020 |   0.9156 ±  0.0107 | 5
150 | raw     | Baseline_L2Thresh  |  0.6881 ± 0.0065 |  0.5224 ± 0.0027 |   0.8748 ±  0.0576 | 5
150 | raw     | Baseline_LogReg    |  0.8086 ± 0.0046 |  0.6947 ± 0.0033 |   0.6303 ±  0.0050 | 5
150 | zscore  | Baseline_CosThresh |  0.7788 ± 0.0068 |  0.6899 ± 0.0039 |   0.3255 ±  0.0345 | 5
150 | zscore  | Baseline_L1Thresh  |  0.6840 ± 0.0028 |  0.5087 ± 0.0032 |   0.9225 ±  0.0086 | 5
150 | zscore  | Baseline_L2Thresh  |  0.6733 ± 0.0038 |  0.5148 ± 0.0046 |   0.9074 ±  0.0300 | 5
150 | zscore  | Baseline_LogReg    |  0.8061 ± 0.0040 |  0.6576 ± 0.0083 |   0.6539 ±  0.0068 | 5
200 | log1p   | Baseline_CosThresh |  0.7911 ± 0.0066 |  0.7467 ± 0.0051 |   0.3569 ±  0.0061 | 5
200 | log1p   | Baseline_L1Thresh  |  0.7025 ± 0.0070 |  0.5162 ± 0.0010 |   0.8850 ±  0.0135 | 5
200 | log1p   | Baseline_L2Thresh  |  0.7106 ± 0.0067 |  0.5161 ± 0.0008 |   0.2986 ±  0.0936 | 5
200 | log1p   | Baseline_LogReg    |  0.8280 ± 0.0017 |  0.7112 ± 0.0019 |   0.6218 ±  0.0067 | 5
200 | raw     | Baseline_CosThresh |  0.7928 ± 0.0067 |  0.7466 ± 0.0049 |   0.4034 ±  0.0074 | 5
200 | raw     | Baseline_L1Thresh  |  0.7002 ± 0.0065 |  0.5157 ± 0.0008 |   0.9177 ±  0.0147 | 5
200 | raw     | Baseline_L2Thresh  |  0.6987 ± 0.0068 |  0.5223 ± 0.0055 |   0.8691 ±  0.0751 | 5
200 | raw     | Baseline_LogReg    |  0.8334 ± 0.0040 |  0.7210 ± 0.0018 |   0.6347 ±  0.0050 | 5
200 | zscore  | Baseline_CosThresh |  0.7958 ± 0.0040 |  0.7133 ± 0.0097 |   0.3056 ±  0.0269 | 5
200 | zscore  | Baseline_L1Thresh  |  0.6943 ± 0.0047 |  0.5096 ± 0.0058 |   0.9190 ±  0.0105 | 5
200 | zscore  | Baseline_L2Thresh  |  0.6845 ± 0.0069 |  0.5157 ± 0.0053 |   0.9084 ±  0.0234 | 5
200 | zscore  | Baseline_LogReg    |  0.8309 ± 0.0038 |  0.6869 ± 0.0065 |   0.6593 ±  0.0051 | 5
300 | log1p   | Baseline_CosThresh |  0.8018 ± 0.0050 |  0.7364 ± 0.0099 |   0.3555 ±  0.0028 | 5
300 | log1p   | Baseline_L1Thresh  |  0.7305 ± 0.0071 |  0.5120 ± 0.0056 |   0.8551 ±  0.0269 | 5
300 | log1p   | Baseline_L2Thresh  |  0.7400 ± 0.0044 |  0.5084 ± 0.0040 |   0.1928 ±  0.0463 | 5
300 | log1p   | Baseline_LogReg    |  0.8642 ± 0.0018 |  0.7519 ± 0.0030 |   0.6382 ±  0.0045 | 5
300 | raw     | Baseline_CosThresh |  0.8051 ± 0.0047 |  0.7389 ± 0.0035 |   0.4124 ±  0.0020 | 5
300 | raw     | Baseline_L1Thresh  |  0.7291 ± 0.0036 |  0.5056 ± 0.0007 |   0.9078 ±  0.0168 | 5
300 | raw     | Baseline_L2Thresh  |  0.7226 ± 0.0046 |  0.5189 ± 0.0039 |   0.8918 ±  0.0477 | 5
300 | raw     | Baseline_LogReg    |  0.8668 ± 0.0025 |  0.7604 ± 0.0041 |   0.6464 ±  0.0037 | 5
300 | zscore  | Baseline_CosThresh |  0.8189 ± 0.0049 |  0.7644 ± 0.0064 |   0.3096 ±  0.0107 | 5
300 | zscore  | Baseline_L1Thresh  |  0.7150 ± 0.0041 |  0.5059 ± 0.0020 |   0.9240 ±  0.0118 | 5
300 | zscore  | Baseline_L2Thresh  |  0.6986 ± 0.0071 |  0.5223 ± 0.0042 |   0.9201 ±  0.0164 | 5
300 | zscore  | Baseline_LogReg    |  0.8682 ± 0.0053 |  0.7417 ± 0.0050 |   0.6664 ±  0.0033 | 5
400 | log1p   | Baseline_CosThresh |  0.8205 ± 0.0050 |  0.7481 ± 0.0036 |   0.3625 ±  0.0028 | 5
400 | log1p   | Baseline_L1Thresh  |  0.7410 ± 0.0074 |  0.5045 ± 0.0015 |   0.8124 ±  0.0319 | 5
400 | log1p   | Baseline_L2Thresh  |  0.7545 ± 0.0053 |  0.5013 ± 0.0010 |   0.1708 ±  0.0407 | 5
400 | log1p   | Baseline_LogReg    |  0.8848 ± 0.0045 |  0.7835 ± 0.0047 |   0.6504 ±  0.0031 | 5
400 | raw     | Baseline_CosThresh |  0.8218 ± 0.0053 |  0.7486 ± 0.0067 |   0.4117 ±  0.0052 | 5
400 | raw     | Baseline_L1Thresh  |  0.7401 ± 0.0059 |  0.5005 ± 0.0006 |   0.8964 ±  0.0273 | 5
400 | raw     | Baseline_L2Thresh  |  0.7332 ± 0.0059 |  0.5299 ± 0.0024 |   0.8835 ±  0.0562 | 5
400 | raw     | Baseline_LogReg    |  0.8879 ± 0.0052 |  0.7876 ± 0.0049 |   0.6579 ±  0.0041 | 5
400 | zscore  | Baseline_CosThresh |  0.8374 ± 0.0058 |  0.7860 ± 0.0060 |   0.2953 ±  0.0237 | 5
400 | zscore  | Baseline_L1Thresh  |  0.7251 ± 0.0044 |  0.5046 ± 0.0020 |   0.9209 ±  0.0123 | 5
400 | zscore  | Baseline_L2Thresh  |  0.7049 ± 0.0072 |  0.5257 ± 0.0028 |   0.9063 ±  0.0302 | 5
400 | zscore  | Baseline_LogReg    |  0.8855 ± 0.0045 |  0.7686 ± 0.0063 |   0.6754 ±  0.0037 | 5
500 | log1p   | Baseline_CosThresh |  0.8317 ± 0.0053 |  0.7568 ± 0.0034 |   0.3749 ±  0.0033 | 5
500 | log1p   | Baseline_L1Thresh  |  0.7540 ± 0.0051 |  0.5056 ± 0.0023 |   0.8309 ±  0.0256 | 5
500 | log1p   | Baseline_L2Thresh  |  0.7655 ± 0.0053 |  0.5020 ± 0.0009 |   0.1740 ±  0.0470 | 5
500 | log1p   | Baseline_LogReg    |  0.9003 ± 0.0036 |  0.8026 ± 0.0058 |   0.6541 ±  0.0037 | 5
500 | raw     | Baseline_CosThresh |  0.8329 ± 0.0076 |  0.7587 ± 0.0076 |   0.4158 ±  0.0040 | 5
500 | raw     | Baseline_L1Thresh  |  0.7528 ± 0.0050 |  0.5029 ± 0.0003 |   0.8993 ±  0.0206 | 5
500 | raw     | Baseline_L2Thresh  |  0.7381 ± 0.0062 |  0.5340 ± 0.0039 |   0.8843 ±  0.0492 | 5
500 | raw     | Baseline_LogReg    |  0.9033 ± 0.0030 |  0.8036 ± 0.0058 |   0.6635 ±  0.0046 | 5
500 | zscore  | Baseline_CosThresh |  0.8521 ± 0.0048 |  0.7948 ± 0.0069 |   0.2876 ±  0.0257 | 5
500 | zscore  | Baseline_L1Thresh  |  0.7343 ± 0.0070 |  0.5047 ± 0.0008 |   0.9188 ±  0.0145 | 5
500 | zscore  | Baseline_L2Thresh  |  0.7099 ± 0.0062 |  0.5315 ± 0.0046 |   0.9110 ±  0.0254 | 5
500 | zscore  | Baseline_LogReg    |  0.8987 ± 0.0040 |  0.7891 ± 0.0061 |   0.6786 ±  0.0031 | 5
600 | log1p   | Baseline_CosThresh |  0.8414 ± 0.0065 |  0.7683 ± 0.0072 |   0.3830 ±  0.0028 | 5
600 | log1p   | Baseline_L1Thresh  |  0.7583 ± 0.0050 |  0.5029 ± 0.0010 |   0.8389 ±  0.0172 | 5
600 | log1p   | Baseline_L2Thresh  |  0.7728 ± 0.0056 |  0.5049 ± 0.0022 |   0.1775 ±  0.0435 | 5
600 | log1p   | Baseline_LogReg    |  0.9093 ± 0.0034 |  0.8216 ± 0.0047 |   0.6601 ±  0.0056 | 5
600 | raw     | Baseline_CosThresh |  0.8422 ± 0.0071 |  0.7687 ± 0.0042 |   0.4220 ±  0.0048 | 5
600 | raw     | Baseline_L1Thresh  |  0.7563 ± 0.0067 |  0.5040 ± 0.0006 |   0.9042 ±  0.0172 | 5
600 | raw     | Baseline_L2Thresh  |  0.7431 ± 0.0073 |  0.5317 ± 0.0033 |   0.8836 ±  0.0556 | 5
600 | raw     | Baseline_LogReg    |  0.9122 ± 0.0043 |  0.8209 ± 0.0049 |   0.6666 ±  0.0061 | 5
600 | zscore  | Baseline_CosThresh |  0.8633 ± 0.0071 |  0.8051 ± 0.0046 |   0.2795 ±  0.0275 | 5
600 | zscore  | Baseline_L1Thresh  |  0.7374 ± 0.0059 |  0.5057 ± 0.0019 |   0.9225 ±  0.0099 | 5
600 | zscore  | Baseline_L2Thresh  |  0.7157 ± 0.0100 |  0.5230 ± 0.0033 |   0.9103 ±  0.0266 | 5
600 | zscore  | Baseline_LogReg    |  0.9069 ± 0.0051 |  0.8099 ± 0.0089 |   0.6831 ±  0.0041 | 5
--------------------------------------------------------------------------------------------------------------

==============================================================================================================
[SAVE] results/baseline_official_rerun/results_baselines_summary_mean_std.csv
==============================================================================================================

DONE.
